08-23 10:23:06.001 17238 17260 I TestRunner: started: grid_list_content_at_last_position(com.example.dogglers.GridListTests)
08-23 10:23:06.005 17238 17260 W Settings: Setting always_finish_activities has moved from android.provider.Settings.System to android.provider.Settings.Global, returning read-only value.
08-23 10:23:06.013   535   557 D EventSequenceValidator: inc AccIntentStartedEvents to 2
08-23 10:23:06.025   535  8795 W InputReader: Device virtio_input_multi_touch_9 is associated with display ADISPLAY_ID_NONE.
08-23 10:23:06.025   535  8795 W InputReader: Device virtio_input_multi_touch_7 is associated with display ADISPLAY_ID_NONE.
08-23 10:23:06.025   535  8795 W InputReader: Device virtio_input_multi_touch_10 is associated with display ADISPLAY_ID_NONE.
08-23 10:23:06.025   535  8795 W InputReader: Device virtio_input_multi_touch_4 is associated with display ADISPLAY_ID_NONE.
08-23 10:23:06.025   535  8795 W InputReader: Device virtio_input_multi_touch_11 is associated with display ADISPLAY_ID_NONE.
08-23 10:23:06.025   535  8795 W InputReader: Device virtio_input_multi_touch_5 is associated with display ADISPLAY_ID_NONE.
08-23 10:23:06.025   535  8795 W InputReader: Device virtio_input_multi_touch_2 is associated with display ADISPLAY_ID_NONE.
08-23 10:23:06.025   535  8795 W InputReader: Device virtio_input_multi_touch_6 is associated with display ADISPLAY_ID_NONE.
08-23 10:23:06.025   535  8795 W InputReader: Device virtio_input_multi_touch_3 is associated with display ADISPLAY_ID_NONE.
08-23 10:23:06.025   535  8795 W InputReader: Device virtio_input_multi_touch_8 is associated with display ADISPLAY_ID_NONE.
08-23 10:23:06.025   535  8795 W InputReader: Device virtio_input_multi_touch_9 is associated with display ADISPLAY_ID_NONE.
08-23 10:23:06.025   535  8795 W InputReader: Device virtio_input_multi_touch_7 is associated with display ADISPLAY_ID_NONE.
08-23 10:23:06.025   535  8795 W InputReader: Device virtio_input_multi_touch_10 is associated with display ADISPLAY_ID_NONE.
08-23 10:23:06.025   535  8795 W InputReader: Device virtio_input_multi_touch_4 is associated with display ADISPLAY_ID_NONE.
08-23 10:23:06.025   535  8795 W InputReader: Device virtio_input_multi_touch_11 is associated with display ADISPLAY_ID_NONE.
08-23 10:23:06.025   535  8795 W InputReader: Device virtio_input_multi_touch_5 is associated with display ADISPLAY_ID_NONE.
08-23 10:23:06.025   535  8795 W InputReader: Device virtio_input_multi_touch_2 is associated with display ADISPLAY_ID_NONE.
08-23 10:23:06.025   535  8795 W InputReader: Device virtio_input_multi_touch_6 is associated with display ADISPLAY_ID_NONE.
08-23 10:23:06.025   535  8795 W InputReader: Device virtio_input_multi_touch_3 is associated with display ADISPLAY_ID_NONE.
08-23 10:23:06.025   535  8795 W InputReader: Device virtio_input_multi_touch_8 is associated with display ADISPLAY_ID_NONE.
08-23 10:23:06.032 17238 17238 D LifecycleMonitor: Lifecycle status change: androidx.test.core.app.InstrumentationActivityInvoker$BootstrapActivity@4bb6447 in: PRE_ON_CREATE
08-23 10:23:06.032 17238 17238 V ActivityScenario: Activity lifecycle changed event received but ignored because the intent does not match. startActivityIntent=Intent { act=android.intent.action.MAIN cat=[android.intent.category.LAUNCHER] cmp=com.example.dogglers/.GridListActivity }, activity.getIntent()=Intent { act=android.intent.action.MAIN cat=[android.intent.category.LAUNCHER] flg=0x10008000 cmp=com.example.dogglers/androidx.test.core.app.InstrumentationActivityInvoker$BootstrapActivity (has extras) }, activity=androidx.test.core.app.InstrumentationActivityInvoker$BootstrapActivity@4bb6447
08-23 10:23:06.045   304   326 D goldfish-address-space: claimShared: Ask to claim region [0x3f1cec000 0x3f2690000]
08-23 10:23:06.046 17238 17238 D LifecycleMonitor: Lifecycle status change: androidx.test.core.app.InstrumentationActivityInvoker$BootstrapActivity@4bb6447 in: CREATED
08-23 10:23:06.046 17238 17238 V ActivityScenario: Activity lifecycle changed event received but ignored because the intent does not match. startActivityIntent=Intent { act=android.intent.action.MAIN cat=[android.intent.category.LAUNCHER] cmp=com.example.dogglers/.GridListActivity }, activity.getIntent()=Intent { act=android.intent.action.MAIN cat=[android.intent.category.LAUNCHER] flg=0x10008000 cmp=com.example.dogglers/androidx.test.core.app.InstrumentationActivityInvoker$BootstrapActivity (has extras) }, activity=androidx.test.core.app.InstrumentationActivityInvoker$BootstrapActivity@4bb6447
08-23 10:23:06.049 17238 17238 D LifecycleMonitor: Lifecycle status change: androidx.test.core.app.InstrumentationActivityInvoker$BootstrapActivity@4bb6447 in: STARTED
08-23 10:23:06.049 17238 17238 V ActivityScenario: Activity lifecycle changed event received but ignored because the intent does not match. startActivityIntent=Intent { act=android.intent.action.MAIN cat=[android.intent.category.LAUNCHER] cmp=com.example.dogglers/.GridListActivity }, activity.getIntent()=Intent { act=android.intent.action.MAIN cat=[android.intent.category.LAUNCHER] flg=0x10008000 cmp=com.example.dogglers/androidx.test.core.app.InstrumentationActivityInvoker$BootstrapActivity (has extras) }, activity=androidx.test.core.app.InstrumentationActivityInvoker$BootstrapActivity@4bb6447
08-23 10:23:06.054 17238 17238 D LifecycleMonitor: Lifecycle status change: androidx.test.core.app.InstrumentationActivityInvoker$BootstrapActivity@4bb6447 in: RESUMED
08-23 10:23:06.055 17238 17238 V ActivityScenario: Activity lifecycle changed event received but ignored because the intent does not match. startActivityIntent=Intent { act=android.intent.action.MAIN cat=[android.intent.category.LAUNCHER] cmp=com.example.dogglers/.GridListActivity }, activity.getIntent()=Intent { act=android.intent.action.MAIN cat=[android.intent.category.LAUNCHER] flg=0x10008000 cmp=com.example.dogglers/androidx.test.core.app.InstrumentationActivityInvoker$BootstrapActivity (has extras) }, activity=androidx.test.core.app.InstrumentationActivityInvoker$BootstrapActivity@4bb6447
08-23 10:23:06.056 17238 17238 D LifecycleMonitor: Lifecycle status change: androidx.test.core.app.InstrumentationActivityInvoker$BootstrapActivity@4bb6447 in: PAUSED
08-23 10:23:06.056 17238 17238 V ActivityScenario: Activity lifecycle changed event received but ignored because the intent does not match. startActivityIntent=Intent { act=android.intent.action.MAIN cat=[android.intent.category.LAUNCHER] cmp=com.example.dogglers/.GridListActivity }, activity.getIntent()=Intent { act=android.intent.action.MAIN cat=[android.intent.category.LAUNCHER] flg=0x10008000 cmp=com.example.dogglers/androidx.test.core.app.InstrumentationActivityInvoker$BootstrapActivity (has extras) }, activity=androidx.test.core.app.InstrumentationActivityInvoker$BootstrapActivity@4bb6447
08-23 10:23:06.057   535  5164 W InputReader: Device virtio_input_multi_touch_9 is associated with display ADISPLAY_ID_NONE.
08-23 10:23:06.057   535  5164 W InputReader: Device virtio_input_multi_touch_7 is associated with display ADISPLAY_ID_NONE.
08-23 10:23:06.057   535  5164 W InputReader: Device virtio_input_multi_touch_10 is associated with display ADISPLAY_ID_NONE.
08-23 10:23:06.057   535  5164 W InputReader: Device virtio_input_multi_touch_4 is associated with display ADISPLAY_ID_NONE.
08-23 10:23:06.057   535  5164 W InputReader: Device virtio_input_multi_touch_11 is associated with display ADISPLAY_ID_NONE.
08-23 10:23:06.057   535  5164 W InputReader: Device virtio_input_multi_touch_5 is associated with display ADISPLAY_ID_NONE.
08-23 10:23:06.057   535  5164 W InputReader: Device virtio_input_multi_touch_2 is associated with display ADISPLAY_ID_NONE.
08-23 10:23:06.057   535  5164 W InputReader: Device virtio_input_multi_touch_6 is associated with display ADISPLAY_ID_NONE.
08-23 10:23:06.057   535  5164 W InputReader: Device virtio_input_multi_touch_3 is associated with display ADISPLAY_ID_NONE.
08-23 10:23:06.057   535  5164 W InputReader: Device virtio_input_multi_touch_8 is associated with display ADISPLAY_ID_NONE.
08-23 10:23:06.058   535  5164 W InputReader: Device virtio_input_multi_touch_9 is associated with display ADISPLAY_ID_NONE.
08-23 10:23:06.058   535  5164 W InputReader: Device virtio_input_multi_touch_7 is associated with display ADISPLAY_ID_NONE.
08-23 10:23:06.058   535  5164 W InputReader: Device virtio_input_multi_touch_10 is associated with display ADISPLAY_ID_NONE.
08-23 10:23:06.058   535  5164 W InputReader: Device virtio_input_multi_touch_4 is associated with display ADISPLAY_ID_NONE.
08-23 10:23:06.058   535  5164 W InputReader: Device virtio_input_multi_touch_11 is associated with display ADISPLAY_ID_NONE.
08-23 10:23:06.058   535  5164 W InputReader: Device virtio_input_multi_touch_5 is associated with display ADISPLAY_ID_NONE.
08-23 10:23:06.058   535  5164 W InputReader: Device virtio_input_multi_touch_2 is associated with display ADISPLAY_ID_NONE.
08-23 10:23:06.058   535  5164 W InputReader: Device virtio_input_multi_touch_6 is associated with display ADISPLAY_ID_NONE.
08-23 10:23:06.058   535  5164 W InputReader: Device virtio_input_multi_touch_3 is associated with display ADISPLAY_ID_NONE.
08-23 10:23:06.058   535  5164 W InputReader: Device virtio_input_multi_touch_8 is associated with display ADISPLAY_ID_NONE.
08-23 10:23:06.078 17238 17238 D LifecycleMonitor: Lifecycle status change: com.example.dogglers.GridListActivity@d7bc699 in: PRE_ON_CREATE
08-23 10:23:06.078 17238 17238 V ActivityScenario: Activity lifecycle changed event received but ignored because the reported transition was not ON_CREATE while the last known transition was PRE_ON_CREATE
08-23 10:23:06.095 17238 17238 D LifecycleMonitor: Lifecycle status change: com.example.dogglers.GridListActivity@d7bc699 in: CREATED
08-23 10:23:06.095 17238 17238 V ActivityScenario: Update currentActivityStage to CREATED, currentActivity=com.example.dogglers.GridListActivity@d7bc699
08-23 10:23:06.097 17238 17238 D LifecycleMonitor: Lifecycle status change: com.example.dogglers.GridListActivity@d7bc699 in: STARTED
08-23 10:23:06.097 17238 17238 V ActivityScenario: Update currentActivityStage to STARTED, currentActivity=com.example.dogglers.GridListActivity@d7bc699
08-23 10:23:06.098 17238 17238 D LifecycleMonitor: Lifecycle status change: com.example.dogglers.GridListActivity@d7bc699 in: RESUMED
08-23 10:23:06.098 17238 17238 V ActivityScenario: Update currentActivityStage to RESUMED, currentActivity=com.example.dogglers.GridListActivity@d7bc699
08-23 10:23:06.125   304   326 D goldfish-address-space: claimShared: Ask to claim region [0x3f2690000 0x3f3034000]
08-23 10:23:06.151   304   326 D goldfish-address-space: claimShared: Ask to claim region [0x3f5823000 0x3f61c7000]
08-23 10:23:06.158   304  1239 D goldfish-address-space: claimShared: Ask to claim region [0x3f6b6b000 0x3f750f000]
08-23 10:23:06.170   304   326 D goldfish-address-space: claimShared: Ask to claim region [0x3f329d000 0x3f3c41000]
08-23 10:23:06.261   535   564 D ArtManagerInternalImpl: /data/misc/iorapd/com.example.dogglers/1/com.example.dogglers.GridListActivity/compiled_traces/compiled_trace.pb doesn't exist
08-23 10:23:06.264   535   564 I ActivityTaskManager: Displayed com.example.dogglers/.GridListActivity: +246ms
08-23 10:23:06.265   535   557 D EventSequenceValidator: dec AccIntentStartedEvents to 1
08-23 10:23:06.275 17238 17238 D RootViewPicker: Root not ready - waiting: 10ms for one to appear.
08-23 10:23:06.278 17238 17238 D LifecycleMonitor: Lifecycle status change: androidx.test.core.app.InstrumentationActivityInvoker$BootstrapActivity@4bb6447 in: STOPPED
08-23 10:23:06.279 17238 17238 V ActivityScenario: Activity lifecycle changed event received but ignored because the intent does not match. startActivityIntent=Intent { act=android.intent.action.MAIN cat=[android.intent.category.LAUNCHER] cmp=com.example.dogglers/.GridListActivity }, activity.getIntent()=Intent { act=android.intent.action.MAIN cat=[android.intent.category.LAUNCHER] flg=0x10008000 cmp=com.example.dogglers/androidx.test.core.app.InstrumentationActivityInvoker$BootstrapActivity (has extras) }, activity=androidx.test.core.app.InstrumentationActivityInvoker$BootstrapActivity@4bb6447
08-23 10:23:06.344 17238 17238 I ViewInteraction: Performing 'scroll RecyclerView to position: 5' action on view view.getId() is <2131230937/com.example.dogglers:id/grid_recycler_view>
08-23 10:23:06.381 17238 17238 I ViewInteraction: Checking 'MatchesViewAssertion{viewMatcher=(view has effective visibility <VISIBLE> and view.getGlobalVisibleRect() to return non-empty rectangle)}' assertion on view an instance of android.widget.TextView and view.getText() with or without transformation to match: is "Bella"
08-23 10:23:06.394   535   557 D EventSequenceValidator: inc AccIntentStartedEvents to 2
08-23 10:23:06.398   394   394 E perfetto: ing_service_impl.cc:605 Too many concurrent tracing sesions (5) for uid 1071 limit is 5
08-23 10:23:06.398   424   823 E perfetto: r_api_deprecated.cc:216 Tracing session failed
08-23 10:23:06.403 17238 17238 D LifecycleMonitor: Lifecycle status change: com.example.dogglers.GridListActivity@d7bc699 in: PAUSED
08-23 10:23:06.403 17238 17238 V ActivityScenario: Update currentActivityStage to PAUSED, currentActivity=com.example.dogglers.GridListActivity@d7bc699
08-23 10:23:06.404   535  1021 W InputReader: Device virtio_input_multi_touch_9 is associated with display ADISPLAY_ID_NONE.
08-23 10:23:06.404   535  1021 W InputReader: Device virtio_input_multi_touch_7 is associated with display ADISPLAY_ID_NONE.
08-23 10:23:06.404   535  1021 W InputReader: Device virtio_input_multi_touch_10 is associated with display ADISPLAY_ID_NONE.
08-23 10:23:06.404   535  1021 W InputReader: Device virtio_input_multi_touch_4 is associated with display ADISPLAY_ID_NONE.
08-23 10:23:06.404   535  1021 W InputReader: Device virtio_input_multi_touch_11 is associated with display ADISPLAY_ID_NONE.
08-23 10:23:06.404   535  1021 W InputReader: Device virtio_input_multi_touch_5 is associated with display ADISPLAY_ID_NONE.
08-23 10:23:06.404   535  1021 W InputReader: Device virtio_input_multi_touch_2 is associated with display ADISPLAY_ID_NONE.
08-23 10:23:06.404   535  1021 W InputReader: Device virtio_input_multi_touch_6 is associated with display ADISPLAY_ID_NONE.
08-23 10:23:06.404   535  1021 W InputReader: Device virtio_input_multi_touch_3 is associated with display ADISPLAY_ID_NONE.
08-23 10:23:06.404   535  1021 W InputReader: Device virtio_input_multi_touch_8 is associated with display ADISPLAY_ID_NONE.
08-23 10:23:06.405   535  1021 W InputReader: Device virtio_input_multi_touch_9 is associated with display ADISPLAY_ID_NONE.
08-23 10:23:06.405   535  1021 W InputReader: Device virtio_input_multi_touch_7 is associated with display ADISPLAY_ID_NONE.
08-23 10:23:06.405   535  1021 W InputReader: Device virtio_input_multi_touch_10 is associated with display ADISPLAY_ID_NONE.
08-23 10:23:06.405   535  1021 W InputReader: Device virtio_input_multi_touch_4 is associated with display ADISPLAY_ID_NONE.
08-23 10:23:06.405   535  1021 W InputReader: Device virtio_input_multi_touch_11 is associated with display ADISPLAY_ID_NONE.
08-23 10:23:06.405   535  1021 W InputReader: Device virtio_input_multi_touch_5 is associated with display ADISPLAY_ID_NONE.
08-23 10:23:06.405   535  1021 W InputReader: Device virtio_input_multi_touch_2 is associated with display ADISPLAY_ID_NONE.
08-23 10:23:06.405   535  1021 W InputReader: Device virtio_input_multi_touch_6 is associated with display ADISPLAY_ID_NONE.
08-23 10:23:06.405   535  1021 W InputReader: Device virtio_input_multi_touch_3 is associated with display ADISPLAY_ID_NONE.
08-23 10:23:06.405   535  1021 W InputReader: Device virtio_input_multi_touch_8 is associated with display ADISPLAY_ID_NONE.
08-23 10:23:06.409   535   557 D EventSequenceValidator: dec AccIntentStartedEvents to 1
08-23 10:23:06.411 17238 17238 D LifecycleMonitor: Lifecycle status change: androidx.test.core.app.InstrumentationActivityInvoker$EmptyActivity@f604d60 in: PRE_ON_CREATE
08-23 10:23:06.411 17238 17238 V ActivityScenario: Activity lifecycle changed event received but ignored because the intent does not match. startActivityIntent=Intent { act=android.intent.action.MAIN cat=[android.intent.category.LAUNCHER] cmp=com.example.dogglers/.GridListActivity }, activity.getIntent()=Intent { act=android.intent.action.MAIN cat=[android.intent.category.LAUNCHER] flg=0x10000000 cmp=com.example.dogglers/androidx.test.core.app.InstrumentationActivityInvoker$EmptyActivity }, activity=androidx.test.core.app.InstrumentationActivityInvoker$EmptyActivity@f604d60
08-23 10:23:06.417 17238 17238 D LifecycleMonitor: Lifecycle status change: androidx.test.core.app.InstrumentationActivityInvoker$EmptyActivity@f604d60 in: CREATED
08-23 10:23:06.417 17238 17238 V ActivityScenario: Activity lifecycle changed event received but ignored because the intent does not match. startActivityIntent=Intent { act=android.intent.action.MAIN cat=[android.intent.category.LAUNCHER] cmp=com.example.dogglers/.GridListActivity }, activity.getIntent()=Intent { act=android.intent.action.MAIN cat=[android.intent.category.LAUNCHER] flg=0x10000000 cmp=com.example.dogglers/androidx.test.core.app.InstrumentationActivityInvoker$EmptyActivity }, activity=androidx.test.core.app.InstrumentationActivityInvoker$EmptyActivity@f604d60
08-23 10:23:06.419 17238 17238 D LifecycleMonitor: Lifecycle status change: androidx.test.core.app.InstrumentationActivityInvoker$EmptyActivity@f604d60 in: STARTED
08-23 10:23:06.419 17238 17238 V ActivityScenario: Activity lifecycle changed event received but ignored because the intent does not match. startActivityIntent=Intent { act=android.intent.action.MAIN cat=[android.intent.category.LAUNCHER] cmp=com.example.dogglers/.GridListActivity }, activity.getIntent()=Intent { act=android.intent.action.MAIN cat=[android.intent.category.LAUNCHER] flg=0x10000000 cmp=com.example.dogglers/androidx.test.core.app.InstrumentationActivityInvoker$EmptyActivity }, activity=androidx.test.core.app.InstrumentationActivityInvoker$EmptyActivity@f604d60
08-23 10:23:06.420 17238 17238 D LifecycleMonitor: Lifecycle status change: androidx.test.core.app.InstrumentationActivityInvoker$EmptyActivity@f604d60 in: RESUMED
08-23 10:23:06.420 17238 17238 V ActivityScenario: Activity lifecycle changed event received but ignored because the intent does not match. startActivityIntent=Intent { act=android.intent.action.MAIN cat=[android.intent.category.LAUNCHER] cmp=com.example.dogglers/.GridListActivity }, activity.getIntent()=Intent { act=android.intent.action.MAIN cat=[android.intent.category.LAUNCHER] flg=0x10000000 cmp=com.example.dogglers/androidx.test.core.app.InstrumentationActivityInvoker$EmptyActivity }, activity=androidx.test.core.app.InstrumentationActivityInvoker$EmptyActivity@f604d60
08-23 10:23:06.459   304   326 D goldfish-address-space: claimShared: Ask to claim region [0x3f09a4000 0x3f1348000]
08-23 10:23:06.463   304   326 D goldfish-address-space: claimShared: Ask to claim region [0x3f1cec000 0x3f2690000]
08-23 10:23:06.465   304   326 D goldfish-address-space: claimShared: Ask to claim region [0x3f329d000 0x3f3c41000]
08-23 10:23:06.501   535   564 I ActivityTaskManager: Displayed com.example.dogglers/androidx.test.core.app.InstrumentationActivityInvoker$EmptyActivity: +106ms
08-23 10:23:06.507   535   557 D EventSequenceValidator: inc AccIntentStartedEvents to 2
08-23 10:23:06.508 17238 17238 D LifecycleMonitor: Lifecycle status change: com.example.dogglers.GridListActivity@d7bc699 in: STOPPED
08-23 10:23:06.509 17238 17238 V ActivityScenario: Update currentActivityStage to STOPPED, currentActivity=com.example.dogglers.GridListActivity@d7bc699
08-23 10:23:06.509   394   394 E perfetto: ing_service_impl.cc:605 Too many concurrent tracing sesions (5) for uid 1071 limit is 5
08-23 10:23:06.510   424   823 E perfetto: r_api_deprecated.cc:216 Tracing session failed
08-23 10:23:06.511 17238 17238 D LifecycleMonitor: Lifecycle status change: com.example.dogglers.GridListActivity@d7bc699 in: DESTROYED
08-23 10:23:06.511 17238 17238 V ActivityScenario: Update currentActivityStage to DESTROYED, currentActivity=null
08-23 10:23:06.512   535   557 D EventSequenceValidator: dec AccIntentStartedEvents to 1
08-23 10:23:06.515   392   392 I perfetto: probes_producer.cc:329  Producer stop (id=191)
08-23 10:23:06.516   394   394 I perfetto: ng_service_impl.cc:1948 Tracing session 191 ended, total sessions:4
08-23 10:23:06.530 17238 17238 D LifecycleMonitor: Lifecycle status change: androidx.test.core.app.InstrumentationActivityInvoker$EmptyActivity@f604d60 in: PAUSED
08-23 10:23:06.530 17238 17238 V ActivityScenario: Activity lifecycle changed event received but ignored because the intent does not match. startActivityIntent=Intent { act=android.intent.action.MAIN cat=[android.intent.category.LAUNCHER] cmp=com.example.dogglers/.GridListActivity }, activity.getIntent()=Intent { act=android.intent.action.MAIN cat=[android.intent.category.LAUNCHER] flg=0x10000000 cmp=com.example.dogglers/androidx.test.core.app.InstrumentationActivityInvoker$EmptyActivity }, activity=androidx.test.core.app.InstrumentationActivityInvoker$EmptyActivity@f604d60
08-23 10:23:06.532   535  1021 W InputReader: Device virtio_input_multi_touch_9 is associated with display ADISPLAY_ID_NONE.
08-23 10:23:06.532   535  1021 W InputReader: Device virtio_input_multi_touch_7 is associated with display ADISPLAY_ID_NONE.
08-23 10:23:06.532   535  1021 W InputReader: Device virtio_input_multi_touch_10 is associated with display ADISPLAY_ID_NONE.
08-23 10:23:06.532   535  1021 W InputReader: Device virtio_input_multi_touch_4 is associated with display ADISPLAY_ID_NONE.
08-23 10:23:06.532   535  1021 W InputReader: Device virtio_input_multi_touch_11 is associated with display ADISPLAY_ID_NONE.
08-23 10:23:06.532   535  1021 W InputReader: Device virtio_input_multi_touch_5 is associated with display ADISPLAY_ID_NONE.
08-23 10:23:06.532   535  1021 W InputReader: Device virtio_input_multi_touch_2 is associated with display ADISPLAY_ID_NONE.
08-23 10:23:06.532   535  1021 W InputReader: Device virtio_input_multi_touch_6 is associated with display ADISPLAY_ID_NONE.
08-23 10:23:06.532   535  1021 W InputReader: Device virtio_input_multi_touch_3 is associated with display ADISPLAY_ID_NONE.
08-23 10:23:06.532   535  1021 W InputReader: Device virtio_input_multi_touch_8 is associated with display ADISPLAY_ID_NONE.
08-23 10:23:06.532   535  1021 W InputReader: Device virtio_input_multi_touch_9 is associated with display ADISPLAY_ID_NONE.
08-23 10:23:06.532   535  1021 W InputReader: Device virtio_input_multi_touch_7 is associated with display ADISPLAY_ID_NONE.
08-23 10:23:06.532   535  1021 W InputReader: Device virtio_input_multi_touch_10 is associated with display ADISPLAY_ID_NONE.
08-23 10:23:06.532   535  1021 W InputReader: Device virtio_input_multi_touch_4 is associated with display ADISPLAY_ID_NONE.
08-23 10:23:06.532   535  1021 W InputReader: Device virtio_input_multi_touch_11 is associated with display ADISPLAY_ID_NONE.
08-23 10:23:06.532   535  1021 W InputReader: Device virtio_input_multi_touch_5 is associated with display ADISPLAY_ID_NONE.
08-23 10:23:06.532   535  1021 W InputReader: Device virtio_input_multi_touch_2 is associated with display ADISPLAY_ID_NONE.
08-23 10:23:06.532   535  1021 W InputReader: Device virtio_input_multi_touch_6 is associated with display ADISPLAY_ID_NONE.
08-23 10:23:06.532   535  1021 W InputReader: Device virtio_input_multi_touch_3 is associated with display ADISPLAY_ID_NONE.
08-23 10:23:06.532   535  1021 W InputReader: Device virtio_input_multi_touch_8 is associated with display ADISPLAY_ID_NONE.
08-23 10:23:06.536 17238 17238 D LifecycleMonitor: Lifecycle status change: androidx.test.core.app.InstrumentationActivityInvoker$BootstrapActivity@4bb6447 in: DESTROYED
08-23 10:23:06.536 17238 17238 V ActivityScenario: Activity lifecycle changed event received but ignored because the intent does not match. startActivityIntent=Intent { act=android.intent.action.MAIN cat=[android.intent.category.LAUNCHER] cmp=com.example.dogglers/.GridListActivity }, activity.getIntent()=Intent { act=android.intent.action.MAIN cat=[android.intent.category.LAUNCHER] flg=0x10008000 cmp=com.example.dogglers/androidx.test.core.app.InstrumentationActivityInvoker$BootstrapActivity (has extras) }, activity=androidx.test.core.app.InstrumentationActivityInvoker$BootstrapActivity@4bb6447
08-23 10:23:06.542 17238 17238 D LifecycleMonitor: Lifecycle status change: androidx.test.core.app.InstrumentationActivityInvoker$EmptyActivity@e4d1fb6 in: PRE_ON_CREATE
08-23 10:23:06.543 17238 17238 V ActivityScenario: Activity lifecycle changed event received but ignored because the intent does not match. startActivityIntent=Intent { act=android.intent.action.MAIN cat=[android.intent.category.LAUNCHER] cmp=com.example.dogglers/.GridListActivity }, activity.getIntent()=Intent { act=android.intent.action.MAIN cat=[android.intent.category.LAUNCHER] flg=0x10000000 cmp=com.example.dogglers/androidx.test.core.app.InstrumentationActivityInvoker$EmptyActivity }, activity=androidx.test.core.app.InstrumentationActivityInvoker$EmptyActivity@e4d1fb6
08-23 10:23:06.547 17238 17238 D LifecycleMonitor: Lifecycle status change: androidx.test.core.app.InstrumentationActivityInvoker$EmptyActivity@e4d1fb6 in: CREATED
08-23 10:23:06.547 17238 17238 V ActivityScenario: Activity lifecycle changed event received but ignored because the intent does not match. startActivityIntent=Intent { act=android.intent.action.MAIN cat=[android.intent.category.LAUNCHER] cmp=com.example.dogglers/.GridListActivity }, activity.getIntent()=Intent { act=android.intent.action.MAIN cat=[android.intent.category.LAUNCHER] flg=0x10000000 cmp=com.example.dogglers/androidx.test.core.app.InstrumentationActivityInvoker$EmptyActivity }, activity=androidx.test.core.app.InstrumentationActivityInvoker$EmptyActivity@e4d1fb6
08-23 10:23:06.556 17238 17238 D LifecycleMonitor: Lifecycle status change: androidx.test.core.app.InstrumentationActivityInvoker$EmptyActivity@e4d1fb6 in: STARTED
08-23 10:23:06.557 17238 17238 V ActivityScenario: Activity lifecycle changed event received but ignored because the intent does not match. startActivityIntent=Intent { act=android.intent.action.MAIN cat=[android.intent.category.LAUNCHER] cmp=com.example.dogglers/.GridListActivity }, activity.getIntent()=Intent { act=android.intent.action.MAIN cat=[android.intent.category.LAUNCHER] flg=0x10000000 cmp=com.example.dogglers/androidx.test.core.app.InstrumentationActivityInvoker$EmptyActivity }, activity=androidx.test.core.app.InstrumentationActivityInvoker$EmptyActivity@e4d1fb6
08-23 10:23:06.559 17238 17238 D LifecycleMonitor: Lifecycle status change: androidx.test.core.app.InstrumentationActivityInvoker$EmptyActivity@e4d1fb6 in: RESUMED
08-23 10:23:06.559 17238 17238 V ActivityScenario: Activity lifecycle changed event received but ignored because the intent does not match. startActivityIntent=Intent { act=android.intent.action.MAIN cat=[android.intent.category.LAUNCHER] cmp=com.example.dogglers/.GridListActivity }, activity.getIntent()=Intent { act=android.intent.action.MAIN cat=[android.intent.category.LAUNCHER] flg=0x10000000 cmp=com.example.dogglers/androidx.test.core.app.InstrumentationActivityInvoker$EmptyActivity }, activity=androidx.test.core.app.InstrumentationActivityInvoker$EmptyActivity@e4d1fb6
08-23 10:23:06.575   304   326 D goldfish-address-space: claimShared: Ask to claim region [0x3f2690000 0x3f3034000]
08-23 10:23:06.597   304   326 D goldfish-address-space: claimShared: Ask to claim region [0x3f49a4000 0x3f5348000]
08-23 10:23:06.598   304   326 D goldfish-address-space: claimShared: Ask to claim region [0x3f5823000 0x3f61c7000]
08-23 10:23:06.621   535   564 I ActivityTaskManager: Displayed com.example.dogglers/androidx.test.core.app.InstrumentationActivityInvoker$EmptyActivity: +114ms
08-23 10:23:06.630   304   326 D goldfish-address-space: claimShared: Ask to claim region [0x3f6b6b000 0x3f750f000]
08-23 10:23:06.657 17238 17238 D LifecycleMonitor: Lifecycle status change: androidx.test.core.app.InstrumentationActivityInvoker$EmptyActivity@f604d60 in: STOPPED
08-23 10:23:06.657 17238 17238 V ActivityScenario: Activity lifecycle changed event received but ignored because the intent does not match. startActivityIntent=Intent { act=android.intent.action.MAIN cat=[android.intent.category.LAUNCHER] cmp=com.example.dogglers/.GridListActivity }, activity.getIntent()=Intent { act=android.intent.action.MAIN cat=[android.intent.category.LAUNCHER] flg=0x10000000 cmp=com.example.dogglers/androidx.test.core.app.InstrumentationActivityInvoker$EmptyActivity }, activity=androidx.test.core.app.InstrumentationActivityInvoker$EmptyActivity@f604d60
08-23 10:23:06.658 17238 17238 D LifecycleMonitor: Lifecycle status change: androidx.test.core.app.InstrumentationActivityInvoker$EmptyActivity@f604d60 in: DESTROYED
08-23 10:23:06.658 17238 17238 V ActivityScenario: Activity lifecycle changed event received but ignored because the intent does not match. startActivityIntent=Intent { act=android.intent.action.MAIN cat=[android.intent.category.LAUNCHER] cmp=com.example.dogglers/.GridListActivity }, activity.getIntent()=Intent { act=android.intent.action.MAIN cat=[android.intent.category.LAUNCHER] flg=0x10000000 cmp=com.example.dogglers/androidx.test.core.app.InstrumentationActivityInvoker$EmptyActivity }, activity=androidx.test.core.app.InstrumentationActivityInvoker$EmptyActivity@f604d60
08-23 10:23:06.664 17238 17238 D LifecycleMonitor: Lifecycle status change: androidx.test.core.app.InstrumentationActivityInvoker$EmptyActivity@e4d1fb6 in: PAUSED
08-23 10:23:06.664 17238 17238 V ActivityScenario: Activity lifecycle changed event received but ignored because the intent does not match. startActivityIntent=Intent { act=android.intent.action.MAIN cat=[android.intent.category.LAUNCHER] cmp=com.example.dogglers/.GridListActivity }, activity.getIntent()=Intent { act=android.intent.action.MAIN cat=[android.intent.category.LAUNCHER] flg=0x10000000 cmp=com.example.dogglers/androidx.test.core.app.InstrumentationActivityInvoker$EmptyActivity }, activity=androidx.test.core.app.InstrumentationActivityInvoker$EmptyActivity@e4d1fb6
08-23 10:23:06.667   535   968 W InputReader: Device virtio_input_multi_touch_9 is associated with display ADISPLAY_ID_NONE.
08-23 10:23:06.667   535   968 W InputReader: Device virtio_input_multi_touch_7 is associated with display ADISPLAY_ID_NONE.
08-23 10:23:06.667   535   968 W InputReader: Device virtio_input_multi_touch_10 is associated with display ADISPLAY_ID_NONE.
08-23 10:23:06.667   535   968 W InputReader: Device virtio_input_multi_touch_4 is associated with display ADISPLAY_ID_NONE.
08-23 10:23:06.667   535   968 W InputReader: Device virtio_input_multi_touch_11 is associated with display ADISPLAY_ID_NONE.
08-23 10:23:06.667   535   968 W InputReader: Device virtio_input_multi_touch_5 is associated with display ADISPLAY_ID_NONE.
08-23 10:23:06.667   535   968 W InputReader: Device virtio_input_multi_touch_2 is associated with display ADISPLAY_ID_NONE.
08-23 10:23:06.667   535   968 W InputReader: Device virtio_input_multi_touch_6 is associated with display ADISPLAY_ID_NONE.
08-23 10:23:06.667   535   968 W InputReader: Device virtio_input_multi_touch_3 is associated with display ADISPLAY_ID_NONE.
08-23 10:23:06.667   535   968 W InputReader: Device virtio_input_multi_touch_8 is associated with display ADISPLAY_ID_NONE.
08-23 10:23:06.667   535   968 W InputReader: Device virtio_input_multi_touch_9 is associated with display ADISPLAY_ID_NONE.
08-23 10:23:06.667   535   968 W InputReader: Device virtio_input_multi_touch_7 is associated with display ADISPLAY_ID_NONE.
08-23 10:23:06.667   535   968 W InputReader: Device virtio_input_multi_touch_10 is associated with display ADISPLAY_ID_NONE.
08-23 10:23:06.667   535   968 W InputReader: Device virtio_input_multi_touch_4 is associated with display ADISPLAY_ID_NONE.
08-23 10:23:06.667   535   968 W InputReader: Device virtio_input_multi_touch_11 is associated with display ADISPLAY_ID_NONE.
08-23 10:23:06.667   535   968 W InputReader: Device virtio_input_multi_touch_5 is associated with display ADISPLAY_ID_NONE.
08-23 10:23:06.667   535   968 W InputReader: Device virtio_input_multi_touch_2 is associated with display ADISPLAY_ID_NONE.
08-23 10:23:06.667   535   968 W InputReader: Device virtio_input_multi_touch_6 is associated with display ADISPLAY_ID_NONE.
08-23 10:23:06.667   535   968 W InputReader: Device virtio_input_multi_touch_3 is associated with display ADISPLAY_ID_NONE.
08-23 10:23:06.667   535   968 W InputReader: Device virtio_input_multi_touch_8 is associated with display ADISPLAY_ID_NONE.
08-23 10:23:06.674 17238 17260 I TestRunner: finished: grid_list_content_at_last_position(com.example.dogglers.GridListTests)
